// Jest Snapshot v1, https://goo.gl/fbAQLP

exports[`user me should return null if not logged in 1`] = `
Object {
  "data": Object {
    "me": null,
  },
}
`;
